C51 COMPILER V9.52.0.0   LED                                                               08/31/2016 09:44:49 PAGE 1   


C51 COMPILER V9.52.0.0, COMPILATION OF MODULE LED
OBJECT MODULE PLACED IN .\led.obj
COMPILER INVOKED BY: C:\Program Files\kile\C51\BIN\C51.EXE ..\SRC\led.c OMF2 BROWSE INCDIR(..\INC;..\PRO;..\SRC) DEBUG P
                    -RINT(.\led.lst) TABS(2) OBJECT(.\led.obj)

line level    source

   1          #define LED_GLOBAL
   2          #include "include.h"
   3          UINT8  KeyStatus = OFF;   //按键状态
   4          INT8U LedStatus = LED_NONE;   //灯状态
   5          INT16U  LedDelayCnt = 0;
   6          //////////////////////////////////////////////////////////////////////////////////
   7          //// 功能描述 : ADC初始化
   8          //// 输入参数 : 
   9          //// 返回参数 : 
  10          //// 说明     :  
  11          //////////////////////////////////////////////////////////////////////////////////
  12          void led_blink(void)
  13          {
  14   1        LED_R_ON ;
  15   1        delay_ms(1000); 
  16   1        LED_R_OFF ; 
  17   1      
  18   1      
  19   1        LED_G_ON ;  
  20   1        delay_ms(1000);
  21   1        LED_G_OFF ;
  22   1          
  23   1        LED_B_ON; 
  24   1        delay_ms(1000); 
  25   1        LED_G_OFF ;
  26   1      }
  27          //////////////////////////////////////////////////////////////////////////////////
  28          //// 功能描述 : IO初始化
  29          //// 输入参数 : 
  30          //// 返回参数 : 
  31          //// 说明     :  
  32          //////////////////////////////////////////////////////////////////////////////////
  33          void PORT_Init (void)
  34          { 
  35   1        P0MDIN  &= ~0x02;     // P0.1,为模拟输入  0=模拟输入，1=数字输入
  36   1        P0MDIN  |= 0x10;      // P0.4 DIGITAL INPUT
  37   1        P0MDOUT |= 0x6D;      // P0.0,2,3,5,6为推挽输出方式 
  38   1        XBR0    |= 0x3F;      // 跳过使用的IO口P0.0 1 2 3 5 6   
  39   1        XBR2    |= 0X40;      // 使能交叉开关，使能弱上拉
  40   1      
  41   1        
  42   1        pOUTPUT   = OFF;      // 关掉发射管
  43   1        LED_G_OFF ;   
  44   1        LED_B_OFF ;
  45   1        LED_R_OFF ;
  46   1        pEMILEDCTL = ON;    // 管关断
  47   1        pEMILEDCTL = OFF;
  48   1      }
  49          //////////////////////////////////////////////////////////////////////////////////
  50          //// 功能描述 : led控制
  51          //// 输入参数 : 
  52          //// 返回参数 : 
  53          //// 说明     :  
  54          //////////////////////////////////////////////////////////////////////////////////
C51 COMPILER V9.52.0.0   LED                                                               08/31/2016 09:44:49 PAGE 2   

  55          void led_light_ctrl(INT8U leds)
  56          {
  57   1        switch (leds)
  58   1        {
  59   2          case LED_RED:     LED_G_OFF; LED_B_OFF;  LED_R_ON;  break;    
  60   2          case LED_GREEN:   LED_R_OFF; LED_B_OFF;  LED_G_ON;  break;
  61   2          case LED_BLUE:    LED_R_OFF; LED_G_OFF;  LED_B_ON;  break;
  62   2          
  63   2          case LED_RG:      LED_B_OFF; LED_R_ON;   LED_G_ON;  break;    
  64   2          case LED_RB:      LED_G_OFF; LED_R_ON;   LED_B_ON;  break;
  65   2          case LED_GB:      LED_R_OFF; LED_G_ON;   LED_B_ON;  break;
  66   2          case LED_RGB:     LED_R_ON;  LED_G_ON;   LED_B_ON;  break;      
  67   2          default:          LED_R_OFF; LED_G_OFF; LED_B_OFF;  break;
  68   2        }
  69   1      }
  70          //////////////////////////////////////////////////////////////////////////////////
  71          //// 功能描述 : led闪烁控制
  72          //// 输入参数 : 
  73          //// 返回参数 : 
  74          //// 说明     :  
  75          //////////////////////////////////////////////////////////////////////////////////
  76          void CMD_led_flash(void)
  77          {
  78   1        if(LedStatus != LED_NONE)
  79   1        {
  80   2      
  81   2            led_light_ctrl(LedStatus);      // 仅点亮对应颜色
  82   2      
  83   2        }
  84   1        else//当前不显示
  85   1        {
  86   2          led_light_ctrl(LED_NONE); 
  87   2        }
  88   1      }
  89          


MODULE INFORMATION:   STATIC OVERLAYABLE
   CODE SIZE        =    156    ----
   CONSTANT SIZE    =   ----    ----
   XDATA SIZE       =   ----    ----
   PDATA SIZE       =   ----    ----
   DATA SIZE        =      6    ----
   IDATA SIZE       =   ----    ----
   BIT SIZE         =   ----    ----
   EDATA SIZE       =   ----    ----
   HDATA SIZE       =   ----    ----
   XDATA CONST SIZE =   ----    ----
   FAR CONST SIZE   =   ----    ----
END OF MODULE INFORMATION.


C51 COMPILATION COMPLETE.  0 WARNING(S),  0 ERROR(S)
